// Vitest Snapshot v1, https://vitest.dev/guide/snapshot.html

exports[`PageHeader > matches the snapshot (visual regression) 1`] = `
<header
  class="relative border-b border-border/50 bg-gradient-to-b from-background to-muted/20"
  data-component="PageHeader"
  data-testid="page-header"
>
  <div
    class="absolute inset-x-0 top-0 h-px bg-gradient-to-r from-transparent via-border/60 to-transparent"
  />
  <div
    class="mx-auto flex w-full flex-col gap-2 px-4 sm:px-6 lg:px-8 py-4 max-w-5xl"
  >
    <div
      class="flex flex-col gap-3 md:flex-row md:items-center md:justify-between"
    >
      <div
        class="min-w-0 flex-1"
      >
        <p
          class="mb-0.5 text-[11px] font-semibold uppercase tracking-wider text-muted-foreground/70"
        >
          Kicker
        </p>
        <div
          class="flex flex-wrap items-center gap-2.5"
        >
          <h1
            class="font-semibold tracking-tight text-foreground text-xl"
          >
            Snapshot Title
          </h1>
        </div>
        <p
          class="mt-1 text-sm text-muted-foreground/80"
        >
          Snapshot description
        </p>
      </div>
      <div
        class="flex flex-wrap items-center gap-3"
      >
        <div
          class="flex flex-wrap items-center gap-2"
        >
          <button
            type="button"
          >
            Action
          </button>
        </div>
      </div>
    </div>
    <div
      class="flex flex-wrap items-center gap-2 pt-1"
    >
      <span>
        Footer
      </span>
    </div>
  </div>
</header>
`;
